// Jest Snapshot v1, https://goo.gl/fbAQLP

exports[`renders and matches the snapshot 1`] = `
<div
  className="sc-bdVaJa kAPAHy"
/>
`;
