// Jest Snapshot v1, https://goo.gl/fbAQLP

exports[`renders correctly 1`] = `
<div>
  <h2
    className="header"
  >
    Not Found
  </h2>
</div>
`;
