// Jest Snapshot v1, https://goo.gl/fbAQLP

exports[`renders correctly 1`] = `
<div
  className="pCard"
>
  <h2
    className="pHeader"
  >
    Foo
  </h2>
  <p
    className="pBody"
  >
    Bar
  </p>
</div>
`;
