// Jest Snapshot v1, https://goo.gl/fbAQLP

exports[`renders correctly 1`] = `
<div>
  <nav
    className="navigation"
  >
    <a
      href="/tools"
      onClick={[Function]}
    >
      Tools
    </a>
  </nav>
  <main
    className="container"
  />
</div>
`;
